Archive member included to satisfy reference by file (symbol)

/engLife/Projects/Mastering embedded systems/Tools/gcc-arm-none-eabi-7-2017-q4-major/bin/../lib/gcc/arm-none-eabi/7.2.1/../../../../arm-none-eabi/lib/thumb/v7e-m/libg_nano.a(lib_a-errno.o)
                              ./system/src/newlib/_sbrk.o (__errno)
/engLife/Projects/Mastering embedded systems/Tools/gcc-arm-none-eabi-7-2017-q4-major/bin/../lib/gcc/arm-none-eabi/7.2.1/../../../../arm-none-eabi/lib/thumb/v7e-m/libg_nano.a(lib_a-impure.o)
                              /engLife/Projects/Mastering embedded systems/Tools/gcc-arm-none-eabi-7-2017-q4-major/bin/../lib/gcc/arm-none-eabi/7.2.1/../../../../arm-none-eabi/lib/thumb/v7e-m/libg_nano.a(lib_a-errno.o) (_impure_ptr)
/engLife/Projects/Mastering embedded systems/Tools/gcc-arm-none-eabi-7-2017-q4-major/bin/../lib/gcc/arm-none-eabi/7.2.1/../../../../arm-none-eabi/lib/thumb/v7e-m/libg_nano.a(lib_a-strlen.o)
                              ./system/src/diag/Trace.o (strlen)
/engLife/Projects/Mastering embedded systems/Tools/gcc-arm-none-eabi-7-2017-q4-major/bin/../lib/gcc/arm-none-eabi/7.2.1/../../../../arm-none-eabi/lib/thumb/v7e-m/libg_nano.a(lib_a-vsnprintf.o)
                              ./system/src/diag/Trace.o (vsnprintf)
/engLife/Projects/Mastering embedded systems/Tools/gcc-arm-none-eabi-7-2017-q4-major/bin/../lib/gcc/arm-none-eabi/7.2.1/../../../../arm-none-eabi/lib/thumb/v7e-m/libg_nano.a(lib_a-nano-svfprintf.o)
                              /engLife/Projects/Mastering embedded systems/Tools/gcc-arm-none-eabi-7-2017-q4-major/bin/../lib/gcc/arm-none-eabi/7.2.1/../../../../arm-none-eabi/lib/thumb/v7e-m/libg_nano.a(lib_a-vsnprintf.o) (_svfprintf_r)
/engLife/Projects/Mastering embedded systems/Tools/gcc-arm-none-eabi-7-2017-q4-major/bin/../lib/gcc/arm-none-eabi/7.2.1/../../../../arm-none-eabi/lib/thumb/v7e-m/libg_nano.a(lib_a-nano-vfprintf_i.o)
                              /engLife/Projects/Mastering embedded systems/Tools/gcc-arm-none-eabi-7-2017-q4-major/bin/../lib/gcc/arm-none-eabi/7.2.1/../../../../arm-none-eabi/lib/thumb/v7e-m/libg_nano.a(lib_a-nano-svfprintf.o) (_printf_i)
/engLife/Projects/Mastering embedded systems/Tools/gcc-arm-none-eabi-7-2017-q4-major/bin/../lib/gcc/arm-none-eabi/7.2.1/../../../../arm-none-eabi/lib/thumb/v7e-m/libg_nano.a(lib_a-memchr.o)
                              /engLife/Projects/Mastering embedded systems/Tools/gcc-arm-none-eabi-7-2017-q4-major/bin/../lib/gcc/arm-none-eabi/7.2.1/../../../../arm-none-eabi/lib/thumb/v7e-m/libg_nano.a(lib_a-nano-svfprintf.o) (memchr)
/engLife/Projects/Mastering embedded systems/Tools/gcc-arm-none-eabi-7-2017-q4-major/bin/../lib/gcc/arm-none-eabi/7.2.1/../../../../arm-none-eabi/lib/thumb/v7e-m/libg_nano.a(lib_a-memcpy-stub.o)
                              /engLife/Projects/Mastering embedded systems/Tools/gcc-arm-none-eabi-7-2017-q4-major/bin/../lib/gcc/arm-none-eabi/7.2.1/../../../../arm-none-eabi/lib/thumb/v7e-m/libg_nano.a(lib_a-nano-svfprintf.o) (memcpy)
/engLife/Projects/Mastering embedded systems/Tools/gcc-arm-none-eabi-7-2017-q4-major/bin/../lib/gcc/arm-none-eabi/7.2.1/../../../../arm-none-eabi/lib/thumb/v7e-m/libg_nano.a(lib_a-memmove.o)
                              /engLife/Projects/Mastering embedded systems/Tools/gcc-arm-none-eabi-7-2017-q4-major/bin/../lib/gcc/arm-none-eabi/7.2.1/../../../../arm-none-eabi/lib/thumb/v7e-m/libg_nano.a(lib_a-nano-svfprintf.o) (memmove)
/engLife/Projects/Mastering embedded systems/Tools/gcc-arm-none-eabi-7-2017-q4-major/bin/../lib/gcc/arm-none-eabi/7.2.1/../../../../arm-none-eabi/lib/thumb/v7e-m/libg_nano.a(lib_a-nano-freer.o)
                              /engLife/Projects/Mastering embedded systems/Tools/gcc-arm-none-eabi-7-2017-q4-major/bin/../lib/gcc/arm-none-eabi/7.2.1/../../../../arm-none-eabi/lib/thumb/v7e-m/libg_nano.a(lib_a-nano-svfprintf.o) (_free_r)
/engLife/Projects/Mastering embedded systems/Tools/gcc-arm-none-eabi-7-2017-q4-major/bin/../lib/gcc/arm-none-eabi/7.2.1/../../../../arm-none-eabi/lib/thumb/v7e-m/libg_nano.a(lib_a-nano-mallocr.o)
                              /engLife/Projects/Mastering embedded systems/Tools/gcc-arm-none-eabi-7-2017-q4-major/bin/../lib/gcc/arm-none-eabi/7.2.1/../../../../arm-none-eabi/lib/thumb/v7e-m/libg_nano.a(lib_a-nano-svfprintf.o) (_malloc_r)
/engLife/Projects/Mastering embedded systems/Tools/gcc-arm-none-eabi-7-2017-q4-major/bin/../lib/gcc/arm-none-eabi/7.2.1/../../../../arm-none-eabi/lib/thumb/v7e-m/libg_nano.a(lib_a-nano-reallocr.o)
                              /engLife/Projects/Mastering embedded systems/Tools/gcc-arm-none-eabi-7-2017-q4-major/bin/../lib/gcc/arm-none-eabi/7.2.1/../../../../arm-none-eabi/lib/thumb/v7e-m/libg_nano.a(lib_a-nano-svfprintf.o) (_realloc_r)
/engLife/Projects/Mastering embedded systems/Tools/gcc-arm-none-eabi-7-2017-q4-major/bin/../lib/gcc/arm-none-eabi/7.2.1/../../../../arm-none-eabi/lib/thumb/v7e-m/libg_nano.a(lib_a-sbrkr.o)
[...]
Memory Configuration

Name             Origin             Length             Attributes
RAM              0x0000000020000000 0x0000000000010000 xrw
CCMRAM           0x0000000010000000 0x0000000000000000 xrw
FLASH            0x0000000008000000 0x0000000000080000 xr
FLASHB1          0x0000000000000000 0x0000000000000000 xr
EXTMEMB0         0x0000000000000000 0x0000000000000000 xr
EXTMEMB1         0x0000000000000000 0x0000000000000000 xr
EXTMEMB2         0x0000000000000000 0x0000000000000000 xr
EXTMEMB3         0x0000000000000000 0x0000000000000000 xr
*default*        0x0000000000000000 0xffffffffffffffff

Linker script and memory map

LOAD ./system/src/stm32f4-hal/stm32f4xx_hal.o
LOAD ./system/src/stm32f4-hal/stm32f4xx_hal_cortex.o
LOAD ./system/src/stm32f4-hal/stm32f4xx_hal_dfsdm.o
LOAD ./system/src/stm32f4-hal/stm32f4xx_hal_flash.o
LOAD ./system/src/stm32f4-hal/stm32f4xx_hal_gpio.o
LOAD ./system/src/stm32f4-hal/stm32f4xx_hal_iwdg.o
LOAD ./system/src/stm32f4-hal/stm32f4xx_hal_pwr.o
LOAD ./system/src/stm32f4-hal/stm32f4xx_hal_rcc.o
LOAD ./system/src/newlib/_cxx.o
LOAD ./system/src/newlib/_exit.o
LOAD ./system/src/newlib/_sbrk.o
LOAD ./system/src/newlib/_startup.o
LOAD ./system/src/newlib/_syscalls.o
LOAD ./system/src/newlib/assert.o
LOAD ./system/src/diag/Trace.o
LOAD ./system/src/diag/trace_impl.o
LOAD ./system/src/cortexm/_initialize_hardware.o
LOAD ./system/src/cortexm/_reset_hardware.o
LOAD ./system/src/cortexm/exception_handlers.o
LOAD ./system/src/cmsis/system_stm32f4xx.o
LOAD ./system/src/cmsis/vectors_stm32f401xe.o
LOAD ./src/BlinkLed.o
LOAD ./src/Timer.o
LOAD ./src/_initialize_hardware.o
LOAD ./src/_write.o
LOAD ./src/main.o
LOAD ./src/stm32f4xx_hal_msp.o
LOAD /engLife/Projects/Mastering embedded systems/Tools/gcc-arm-none-eabi-7-2017-q4-major/bin/../lib/gcc/arm-none-eabi/7.2.1/../../../../arm-none-eabi/lib/thumb/v7e-m/libstdc++_nano.a
LOAD /engLife/Projects/Mastering embedded systems/Tools/gcc-arm-none-eabi-7-2017-q4-major/bin/../lib/gcc/arm-none-eabi/7.2.1/../../../../arm-none-eabi/lib/thumb/v7e-m/libm.a
START GROUP
LOAD /engLife/Projects/Mastering embedded systems/Tools/gcc-arm-none-eabi-7-2017-q4-major/bin/../lib/gcc/arm-none-eabi/7.2.1/thumb/v7e-m/libgcc.a
LOAD /engLife/Projects/Mastering embedded systems/Tools/gcc-arm-none-eabi-7-2017-q4-major/bin/../lib/gcc/arm-none-eabi/7.2.1/../../../../arm-none-eabi/lib/thumb/v7e-m/libg_nano.a
LOAD /engLife/Projects/Mastering embedded systems/Tools/gcc-arm-none-eabi-7-2017-q4-major/bin/../lib/gcc/arm-none-eabi/7.2.1/../../../../arm-none-eabi/lib/thumb/v7e-m/libc_nano.a
END GROUP
START GROUP
LOAD /engLife/Projects/Mastering embedded systems/Tools/gcc-arm-none-eabi-7-2017-q4-major/bin/../lib/gcc/arm-none-eabi/7.2.1/thumb/v7e-m/libgcc.a
LOAD /engLife/Projects/Mastering embedded systems/Tools/gcc-arm-none-eabi-7-2017-q4-major/bin/../lib/gcc/arm-none-eabi/7.2.1/../../../../arm-none-eabi/lib/thumb/v7e-m/libc_nano.a
END GROUP
                0x0000000020010000                __stack = (ORIGIN (RAM) + LENGTH (RAM))
                0x0000000020010000                _estack = __stack
                0x0000000000000400                __Main_Stack_Size = 0x400
                [!provide]                        PROVIDE (_Main_Stack_Size, __Main_Stack_Size)
                0x000000002000fc00                __Main_Stack_Limit = (__stack - __Main_Stack_Size)
                [!provide]                        PROVIDE (_Main_Stack_Limit, __Main_Stack_Limit)
                0x0000000000000100                _Minimum_Stack_Size = 0x100
                0x000000002000012c                PROVIDE (_Heap_Begin, _end_noinit)
                0x000000002000fc00                PROVIDE (_Heap_Limit, (__stack - __Main_Stack_Size))

.isr_vector     0x0000000008000000      0x3f4
 FILL mask 0xff
                0x0000000008000000                __vectors_start = ABSOLUTE (.)
                0x0000000008000000                __vectors_start__ = ABSOLUTE (.)
 *(.isr_vector)
 .isr_vector    0x0000000008000000      0x194 ./system/src/cmsis/vectors_stm32f401xe.o
                0x0000000008000000                __isr_vectors
 *(.cfmconfig)
 *(.after_vectors .after_vectors.*)
 .after_vectors
                0x0000000008000194      0x130 ./system/src/newlib/_startup.o
                0x0000000008000194                _start
 .after_vectors
                0x00000000080002c4      0x12c ./system/src/cortexm/exception_handlers.o
                0x00000000080002c4                Reset_Handler
                0x00000000080002ca                NMI_Handler
                0x00000000080002ce                HardFault_Handler
                0x00000000080002e2                HardFault_Handler_C
                0x0000000008000340                MemManage_Handler
                0x0000000008000344                BusFault_Handler
                0x0000000008000358                BusFault_Handler_C
                0x000000000800038c                UsageFault_Handler
                0x00000000080003a0                UsageFault_Handler_C
                0x00000000080003d4                SVC_Handler
                0x00000000080003d8                DebugMon_Handler
                0x00000000080003dc                PendSV_Handler
 .after_vectors
                0x00000000080003f0        0x4 ./system/src/cmsis/vectors_stm32f401xe.o
                0x00000000080003f0                DMA1_Stream3_IRQHandler
                0x00000000080003f0                EXTI2_IRQHandler
                0x00000000080003f0                SPI4_IRQHandler
                0x00000000080003f0                TIM1_CC_IRQHandler
                0x00000000080003f0                DMA2_Stream5_IRQHandler
                0x00000000080003f0                DMA1_Stream5_IRQHandler
                0x00000000080003f0                PVD_IRQHandler
                0x00000000080003f0                SDIO_IRQHandler
                0x00000000080003f0                TAMP_STAMP_IRQHandler
                0x00000000080003f0                EXTI3_IRQHandler
                0x00000000080003f0                TIM1_UP_TIM10_IRQHandler
                0x00000000080003f0                I2C3_ER_IRQHandler
                0x00000000080003f0                EXTI0_IRQHandler
                0x00000000080003f0                I2C2_EV_IRQHandler
                0x00000000080003f0                DMA1_Stream2_IRQHandler
                0x00000000080003f0                FPU_IRQHandler
                0x00000000080003f0                DMA2_Stream2_IRQHandler
                0x00000000080003f0                SPI1_IRQHandler
                0x00000000080003f0                TIM1_BRK_TIM9_IRQHandler
                0x00000000080003f0                DMA2_Stream3_IRQHandler
                0x00000000080003f0                USART6_IRQHandler
                0x00000000080003f0                DMA2_Stream0_IRQHandler
                0x00000000080003f0                TIM4_IRQHandler
                0x00000000080003f0                I2C1_EV_IRQHandler
                0x00000000080003f0                DMA1_Stream6_IRQHandler
                0x00000000080003f0                DMA1_Stream1_IRQHandler
                0x00000000080003f0                TIM3_IRQHandler
                0x00000000080003f0                RCC_IRQHandler
                0x00000000080003f0                Default_Handler
                0x00000000080003f0                EXTI15_10_IRQHandler
                0x00000000080003f0                ADC_IRQHandler
                0x00000000080003f0                DMA1_Stream7_IRQHandler
                0x00000000080003f0                TIM5_IRQHandler
                0x00000000080003f0                DMA2_Stream7_IRQHandler
                0x00000000080003f0                I2C3_EV_IRQHandler
                0x00000000080003f0                EXTI9_5_IRQHandler
                0x00000000080003f0                RTC_WKUP_IRQHandler
                0x00000000080003f0                SPI2_IRQHandler
                0x00000000080003f0                DMA1_Stream0_IRQHandler
                0x00000000080003f0                EXTI4_IRQHandler
                0x00000000080003f0                WWDG_IRQHandler
                0x00000000080003f0                TIM2_IRQHandler
                0x00000000080003f0                OTG_FS_WKUP_IRQHandler
                0x00000000080003f0                TIM1_TRG_COM_TIM11_IRQHandler
                0x00000000080003f0                EXTI1_IRQHandler
                0x00000000080003f0                USART2_IRQHandler
                0x00000000080003f0                I2C2_ER_IRQHandler
                0x00000000080003f0                DMA2_Stream1_IRQHandler
                0x00000000080003f0                FLASH_IRQHandler
                0x00000000080003f0                DMA2_Stream4_IRQHandler
                0x00000000080003f0                USART1_IRQHandler
                0x00000000080003f0                OTG_FS_IRQHandler
                0x00000000080003f0                SPI3_IRQHandler
                0x00000000080003f0                DMA1_Stream4_IRQHandler
                0x00000000080003f0                I2C1_ER_IRQHandler
                0x00000000080003f0                DMA2_Stream6_IRQHandler
                0x00000000080003f0                RTC_Alarm_IRQHandler

.inits          0x00000000080003f4       0x2c
                0x00000000080003f4                __data_regions_array_start = .
                0x00000000080003f4        0x4 LONG 0x8002120 LOADADDR (.data)
                0x00000000080003f8        0x4 LONG 0x20000000 ADDR (.data)
                0x00000000080003fc        0x4 LONG 0x20000078 (ADDR (.data) + SIZEOF (.data))
                0x0000000008000400        0x4 LONG 0x8002120 LOADADDR (.data_CCMRAM)
                0x0000000008000404        0x4 LONG 0x10000000 ADDR (.data_CCMRAM)
                0x0000000008000408        0x4 LONG 0x10000000 (ADDR (.data_CCMRAM) + SIZEOF (.data_CCMRAM))
                0x000000000800040c                __data_regions_array_end = .
                0x000000000800040c                __bss_regions_array_start = .
                0x000000000800040c        0x4 LONG 0x20000078 ADDR (.bss)
                0x0000000008000410        0x4 LONG 0x2000012c (ADDR (.bss) + SIZEOF (.bss))
                0x0000000008000414        0x4 LONG 0x10000000 ADDR (.bss_CCMRAM)
                0x0000000008000418        0x4 LONG 0x10000000 (ADDR (.bss_CCMRAM) + SIZEOF (.bss_CCMRAM))
                0x000000000800041c                __bss_regions_array_end = .
 *(.init)
 *(.fini)
                0x000000000800041c                . = ALIGN (0x4)
                0x000000000800041c                PROVIDE (__preinit_array_start, .)
 *(.preinit_array_sysinit .preinit_array_sysinit.*)
 *(.preinit_array_platform .preinit_array_platform.*)
 *(.preinit_array .preinit_array.*)
                0x000000000800041c                PROVIDE (__preinit_array_end, .)
                0x000000000800041c                . = ALIGN (0x4)
                0x000000000800041c                PROVIDE (__init_array_start, .)
 *(SORT_BY_NAME(.init_array.*))
 *(.init_array)
 .init_array    0x000000000800041c        0x4 ./src/main.o
                0x0000000008000420                PROVIDE (__init_array_end, .)
                0x0000000008000420                . = ALIGN (0x4)
                0x0000000008000420                PROVIDE (__fini_array_start, .)
 *(SORT_BY_NAME(.fini_array.*))
 *(.fini_array)
                0x0000000008000420                PROVIDE (__fini_array_end, .)

.flashtext
 *(.flashtext .flashtext.*)

.text           0x0000000008000420     0x1cff
 *(.text .text.*)
 .text.HAL_InitTick
                0x0000000008000420       0x2c ./system/src/stm32f4-hal/stm32f4xx_hal.o
                0x0000000008000420                HAL_InitTick
 .text.HAL_Init
                0x000000000800044c       0x34 ./system/src/stm32f4-hal/stm32f4xx_hal.o
                0x000000000800044c                HAL_Init
 .text.HAL_IncTick
                0x0000000008000480       0x10 ./system/src/stm32f4-hal/stm32f4xx_hal.o
                0x0000000008000480                HAL_IncTick
 .text.HAL_GetTick
                0x0000000008000490        0xc ./system/src/stm32f4-hal/stm32f4xx_hal.o
                0x0000000008000490                HAL_GetTick
 .text.HAL_NVIC_SetPriorityGrouping
                0x000000000800049c       0x3c ./system/src/stm32f4-hal/stm32f4xx_hal_cortex.o
                0x000000000800049c                HAL_NVIC_SetPriorityGrouping
 .text.HAL_NVIC_SetPriority
                0x00000000080004d8       0x8c ./system/src/stm32f4-hal/stm32f4xx_hal_cortex.o
                0x00000000080004d8                HAL_NVIC_SetPriority
 .text.HAL_SYSTICK_Config
                0x0000000008000564       0x2c ./system/src/stm32f4-hal/stm32f4xx_hal_cortex.o
                0x0000000008000564                HAL_SYSTICK_Config
 .text.HAL_SYSTICK_CLKSourceConfig
                0x0000000008000590       0x3c ./system/src/stm32f4-hal/stm32f4xx_hal_cortex.o
                0x0000000008000590                HAL_SYSTICK_CLKSourceConfig
 .text.HAL_GPIO_Init
                0x00000000080005cc      0x2ac ./system/src/stm32f4-hal/stm32f4xx_hal_gpio.o
                0x00000000080005cc                HAL_GPIO_Init
 .text.HAL_RCC_OscConfig
                0x0000000008000878      0x43c ./system/src/stm32f4-hal/stm32f4xx_hal_rcc.o
                0x0000000008000878                HAL_RCC_OscConfig
 .text.HAL_RCC_GetSysClockFreq
                0x0000000008000cb4       0x94 ./system/src/stm32f4-hal/stm32f4xx_hal_rcc.o
                0x0000000008000cb4                HAL_RCC_GetSysClockFreq
 .text.HAL_RCC_ClockConfig
                0x0000000008000d48      0x258 ./system/src/stm32f4-hal/stm32f4xx_hal_rcc.o
                0x0000000008000d48                HAL_RCC_ClockConfig
 .text.HAL_RCC_GetHCLKFreq
                0x0000000008000fa0        0xc ./system/src/stm32f4-hal/stm32f4xx_hal_rcc.o
                0x0000000008000fa0                HAL_RCC_GetHCLKFreq
 .text._exit    0x0000000008000fac        0x2 ./system/src/newlib/_exit.o
                0x0000000008000fac                _exit
 *fill*         0x0000000008000fae        0x2 
 .text.abort    0x0000000008000fb0       0x14 ./system/src/newlib/_exit.o
                0x0000000008000fb0                abort
 .text._sbrk    0x0000000008000fc4       0x44 ./system/src/newlib/_sbrk.o
                0x0000000008000fc4                _sbrk
 .text.__initialize_args
                0x0000000008001008       0x10 ./system/src/newlib/_syscalls.o
                0x0000000008001008                __initialize_args
 .text.assert_failed
                0x0000000008001018       0x14 ./system/src/newlib/assert.o
                0x0000000008001018                assert_failed
 .text.trace_printf
                0x000000000800102c       0x30 ./system/src/diag/Trace.o
                0x000000000800102c                trace_printf
 .text.trace_puts
                0x000000000800105c       0x20 ./system/src/diag/Trace.o
                0x000000000800105c                trace_puts
 .text._trace_write_semihosting_debug
                0x000000000800107c       0x60 ./system/src/diag/trace_impl.o
 .text.trace_write
                0x00000000080010dc        0x8 ./system/src/diag/trace_impl.o
                0x00000000080010dc                trace_write
 .text.__initialize_hardware_early
                0x00000000080010e4       0x18 ./system/src/cortexm/_initialize_hardware.o
                0x00000000080010e4                __initialize_hardware_early
 .text.dumpExceptionStack
                0x00000000080010fc       0xf4 ./system/src/cortexm/exception_handlers.o
                0x00000000080010fc                dumpExceptionStack
 .text.isSemihosting
                0x00000000080011f0       0x20 ./system/src/cortexm/exception_handlers.o
                0x00000000080011f0                isSemihosting
 .text.SystemInit
                0x0000000008001210       0x40 ./system/src/cmsis/system_stm32f4xx.o
                0x0000000008001210                SystemInit
 .text.SystemCoreClockUpdate
                0x0000000008001250       0xa0 ./system/src/cmsis/system_stm32f4xx.o
                0x0000000008001250                SystemCoreClockUpdate
 .text._ZN8BlinkLedC2Ejjb
                0x00000000080012f0       0x14 ./src/BlinkLed.o
                0x00000000080012f0                BlinkLed::BlinkLed(unsigned int, unsigned int, bool)
                0x00000000080012f0                BlinkLed::BlinkLed(unsigned int, unsigned int, bool)
 .text._ZN8BlinkLed6turnOnEv
                0x0000000008001304       0x2c ./src/BlinkLed.o
                0x0000000008001304                BlinkLed::turnOn()
 .text._ZN8BlinkLed7turnOffEv
                0x0000000008001330       0x2c ./src/BlinkLed.o
                0x0000000008001330                BlinkLed::turnOff()
 .text._ZN8BlinkLed7powerUpEv
                0x000000000800135c       0x40 ./src/BlinkLed.o
                0x000000000800135c                BlinkLed::powerUp()
 .text._ZN5Timer5sleepEm
                0x000000000800139c       0x14 ./src/Timer.o
                0x000000000800139c                Timer::sleep(unsigned long)
 .text.SysTick_Handler
                0x00000000080013b0       0x1c ./src/Timer.o
                0x00000000080013b0                SysTick_Handler
 .text.SystemClock_Config
                0x00000000080013cc       0x98 ./src/_initialize_hardware.o
                0x00000000080013cc                SystemClock_Config
 .text.__initialize_hardware
                0x0000000008001464       0x10 ./src/_initialize_hardware.o
                0x0000000008001464                __initialize_hardware
 .text._Z41__static_initialization_and_destruction_0ii
                0x0000000008001474       0x24 ./src/main.o
 .text.main     0x0000000008001498       0xd0 ./src/main.o
                0x0000000008001498                main
 .text._GLOBAL__sub_I_blinkLeds
                0x0000000008001568        0xe ./src/main.o
 .text.HAL_MspInit
                0x0000000008001576        0x2 ./src/stm32f4xx_hal_msp.o
                0x0000000008001576                HAL_MspInit
 .text.__errno  0x0000000008001578        0xc /engLife/Projects/Mastering embedded systems/Tools/gcc-arm-none-eabi-7-2017-q4-major/bin/../lib/gcc/arm-none-eabi/7.2.1/../../../../arm-none-eabi/lib/thumb/v7e-m/libg_nano.a(lib_a-errno.o)
                0x0000000008001578                __errno
 .text          0x0000000008001584       0x10 /engLife/Projects/Mastering embedded systems/Tools/gcc-arm-none-eabi-7-2017-q4-major/bin/../lib/gcc/arm-none-eabi/7.2.1/../../../../arm-none-eabi/lib/thumb/v7e-m/libg_nano.a(lib_a-strlen.o)
                0x0000000008001584                strlen
 .text._vsnprintf_r
                0x0000000008001594       0x58 /engLife/Projects/Mastering embedded systems/Tools/gcc-arm-none-eabi-7-2017-q4-major/bin/../lib/gcc/arm-none-eabi/7.2.1/../../../../arm-none-eabi/lib/thumb/v7e-m/libg_nano.a(lib_a-vsnprintf.o)
                0x0000000008001594                _vsnprintf_r
                0x0000000008001594                _vsniprintf_r
 .text.vsnprintf
                0x00000000080015ec       0x1c /engLife/Projects/Mastering embedded systems/Tools/gcc-arm-none-eabi-7-2017-q4-major/bin/../lib/gcc/arm-none-eabi/7.2.1/../../../../arm-none-eabi/lib/thumb/v7e-m/libg_nano.a(lib_a-vsnprintf.o)
                0x00000000080015ec                vsnprintf
                0x00000000080015ec                vsniprintf
 .text.__ssputs_r
                0x0000000008001608       0xb4 /engLife/Projects/Mastering embedded systems/Tools/gcc-arm-none-eabi-7-2017-q4-major/bin/../lib/gcc/arm-none-eabi/7.2.1/../../../../arm-none-eabi/lib/thumb/v7e-m/libg_nano.a(lib_a-nano-svfprintf.o)
                0x0000000008001608                __ssputs_r
 .text._svfprintf_r
                0x00000000080016bc      0x1ec /engLife/Projects/Mastering embedded systems/Tools/gcc-arm-none-eabi-7-2017-q4-major/bin/../lib/gcc/arm-none-eabi/7.2.1/../../../../arm-none-eabi/lib/thumb/v7e-m/libg_nano.a(lib_a-nano-svfprintf.o)
                0x00000000080016bc                _svfprintf_r
                0x00000000080016bc                _svfiprintf_r
 .text._printf_common
                0x00000000080018a8       0xea /engLife/Projects/Mastering embedded systems/Tools/gcc-arm-none-eabi-7-2017-q4-major/bin/../lib/gcc/arm-none-eabi/7.2.1/../../../../arm-none-eabi/lib/thumb/v7e-m/libg_nano.a(lib_a-nano-vfprintf_i.o)
                0x00000000080018a8                _printf_common
 *fill*         0x0000000008001992        0x2 
 .text._printf_i
                0x0000000008001994      0x224 /engLife/Projects/Mastering embedded systems/Tools/gcc-arm-none-eabi-7-2017-q4-major/bin/../lib/gcc/arm-none-eabi/7.2.1/../../../../arm-none-eabi/lib/thumb/v7e-m/libg_nano.a(lib_a-nano-vfprintf_i.o)
                0x0000000008001994                _printf_i
 *fill*         0x0000000008001bb8        0x8 
 .text          0x0000000008001bc0       0xa0 /engLife/Projects/Mastering embedded systems/Tools/gcc-arm-none-eabi-7-2017-q4-major/bin/../lib/gcc/arm-none-eabi/7.2.1/../../../../arm-none-eabi/lib/thumb/v7e-m/libg_nano.a(lib_a-memchr.o)
                0x0000000008001bc0                memchr
 .text.memcpy   0x0000000008001c60       0x16 /engLife/Projects/Mastering embedded systems/Tools/gcc-arm-none-eabi-7-2017-q4-major/bin/../lib/gcc/arm-none-eabi/7.2.1/../../../../arm-none-eabi/lib/thumb/v7e-m/libg_nano.a(lib_a-memcpy-stub.o)
                0x0000000008001c60                memcpy
 .text.memmove  0x0000000008001c76       0x32 /engLife/Projects/Mastering embedded systems/Tools/gcc-arm-none-eabi-7-2017-q4-major/bin/../lib/gcc/arm-none-eabi/7.2.1/../../../../arm-none-eabi/lib/thumb/v7e-m/libg_nano.a(lib_a-memmove.o)
                0x0000000008001c76                memmove
 .text._free_r  0x0000000008001ca8       0x9c /engLife/Projects/Mastering embedded systems/Tools/gcc-arm-none-eabi-7-2017-q4-major/bin/../lib/gcc/arm-none-eabi/7.2.1/../../../../arm-none-eabi/lib/thumb/v7e-m/libg_nano.a(lib_a-nano-freer.o)
                0x0000000008001ca8                _free_r
 .text._malloc_r
                0x0000000008001d44       0xb4 /engLife/Projects/Mastering embedded systems/Tools/gcc-arm-none-eabi-7-2017-q4-major/bin/../lib/gcc/arm-none-eabi/7.2.1/../../../../arm-none-eabi/lib/thumb/v7e-m/libg_nano.a(lib_a-nano-mallocr.o)
                0x0000000008001d44                _malloc_r
 .text._realloc_r
                0x0000000008001df8       0x4c /engLife/Projects/Mastering embedded systems/Tools/gcc-arm-none-eabi-7-2017-q4-major/bin/../lib/gcc/arm-none-eabi/7.2.1/../../../../arm-none-eabi/lib/thumb/v7e-m/libg_nano.a(lib_a-nano-reallocr.o)
                0x0000000008001df8                _realloc_r
 .text._sbrk_r  0x0000000008001e44       0x20 /engLife/Projects/Mastering embedded systems/Tools/gcc-arm-none-eabi-7-2017-q4-major/bin/../lib/gcc/arm-none-eabi/7.2.1/../../../../arm-none-eabi/lib/thumb/v7e-m/libg_nano.a(lib_a-sbrkr.o)
                0x0000000008001e44                _sbrk_r
 .text.__malloc_lock
                0x0000000008001e64        0x2 /engLife/Projects/Mastering embedded systems/Tools/gcc-arm-none-eabi-7-2017-q4-major/bin/../lib/gcc/arm-none-eabi/7.2.1/../../../../arm-none-eabi/lib/thumb/v7e-m/libg_nano.a(lib_a-mlock.o)
                0x0000000008001e64                __malloc_lock
 .text.__malloc_unlock
                0x0000000008001e66        0x2 /engLife/Projects/Mastering embedded systems/Tools/gcc-arm-none-eabi-7-2017-q4-major/bin/../lib/gcc/arm-none-eabi/7.2.1/../../../../arm-none-eabi/lib/thumb/v7e-m/libg_nano.a(lib_a-mlock.o)
                0x0000000008001e66                __malloc_unlock
 .text._malloc_usable_size_r
                0x0000000008001e68       0x10 /engLife/Projects/Mastering embedded systems/Tools/gcc-arm-none-eabi-7-2017-q4-major/bin/../lib/gcc/arm-none-eabi/7.2.1/../../../../arm-none-eabi/lib/thumb/v7e-m/libg_nano.a(lib_a-nano-msizer.o)
                0x0000000008001e68                _malloc_usable_size_r
 *(.rodata .rodata.* .constdata .constdata.*)
 .rodata.HAL_NVIC_SetPriorityGrouping.str1.4
                0x0000000008001e78       0x31 ./system/src/stm32f4-hal/stm32f4xx_hal_cortex.o
 *fill*         0x0000000008001ea9        0x3 
 .rodata.HAL_GPIO_Init.str1.4
                0x0000000008001eac       0x2f ./system/src/stm32f4-hal/stm32f4xx_hal_gpio.o
 *fill*         0x0000000008001edb        0x1 
 .rodata.APBAHBPrescTable
                0x0000000008001edc       0x10 ./system/src/stm32f4-hal/stm32f4xx_hal_rcc.o
                0x0000000008001edc                APBAHBPrescTable
 .rodata.HAL_RCC_OscConfig.str1.4
                0x0000000008001eec       0x2e ./system/src/stm32f4-hal/stm32f4xx_hal_rcc.o
 *fill*         0x0000000008001f1a        0x2 
 .rodata.abort.str1.4
                0x0000000008001f1c       0x14 ./system/src/newlib/_exit.o
 .rodata.assert_failed.str1.4
                0x0000000008001f30       0x2b ./system/src/newlib/assert.o
 .rodata.trace_puts.str1.4
                0x0000000008001f5b       0x2b ./system/src/diag/Trace.o
                                          0x2 (size before relaxing)
 *fill*         0x0000000008001f5b        0x1 
 .rodata.dumpExceptionStack.str1.4
                0x0000000008001f5c      0x11a ./system/src/cortexm/exception_handlers.o
 *fill*         0x0000000008002076        0x2 
 .rodata.str1.4
                0x0000000008002078       0x2a ./system/src/cortexm/exception_handlers.o
 *fill*         0x00000000080020a2        0x2 
 .rodata.AHBPrescTable
                0x00000000080020a4       0x10 ./system/src/cmsis/system_stm32f4xx.o
                0x00000000080020a4                AHBPrescTable
 .rodata.main.str1.4
                0x00000000080020b4       0x38 ./src/main.o
                                         0x37 (size before relaxing)
 .rodata._svfprintf_r.str1.1
                0x00000000080020ec       0x11 /engLife/Projects/Mastering embedded systems/Tools/gcc-arm-none-eabi-7-2017-q4-major/bin/../lib/gcc/arm-none-eabi/7.2.1/../../../../arm-none-eabi/lib/thumb/v7e-m/libg_nano.a(lib_a-nano-svfprintf.o)
 .rodata._printf_i.str1.1
                0x00000000080020fd       0x22 /engLife/Projects/Mastering embedded systems/Tools/gcc-arm-none-eabi-7-2017-q4-major/bin/../lib/gcc/arm-none-eabi/7.2.1/../../../../arm-none-eabi/lib/thumb/v7e-m/libg_nano.a(lib_a-nano-vfprintf_i.o)
 *(vtable)
 *(.eh_frame*)
 *(.glue_7)
 .glue_7        0x000000000800211f        0x0 linker stubs
 *(.glue_7t)
 .glue_7t       0x000000000800211f        0x0 linker stubs

.vfp11_veneer   0x0000000008002120        0x0
 .vfp11_veneer  0x0000000008002120        0x0 linker stubs

.v4_bx          0x0000000008002120        0x0
 .v4_bx         0x0000000008002120        0x0 linker stubs

.iplt           0x0000000008002120        0x0
 .iplt          0x0000000008002120        0x0 ./system/src/stm32f4-hal/stm32f4xx_hal.o

.rel.dyn        0x0000000008002120        0x0
 .rel.iplt      0x0000000008002120        0x0 ./system/src/stm32f4-hal/stm32f4xx_hal.o

.ARM.extab
 *(.ARM.extab* .gnu.linkonce.armextab.*)
                0x0000000008002120                . = ALIGN (0x4)
                0x0000000008002120                __exidx_start = .

.ARM.exidx
 *(.ARM.exidx* .gnu.linkonce.armexidx.*)
                0x0000000008002120                __exidx_end = .
                0x0000000008002120                . = ALIGN (0x4)
                0x0000000008002120                _etext = .
                0x0000000008002120                __etext = .

.data_CCMRAM    0x0000000010000000        0x0 load address 0x0000000008002120
 FILL mask 0xff
 *(.data.CCMRAM .data.CCMRAM.*)
                0x0000000010000000                . = ALIGN (0x4)
                0x0000000008002120                _sidata = LOADADDR (.data)

.data           0x0000000020000000       0x78 load address 0x0000000008002120
 FILL mask 0xff
                0x0000000020000000                _sdata = .
                0x0000000020000000                __data_start__ = .
 *(.data_begin .data_begin.*)
 .data_begin    0x0000000020000000        0x4 ./system/src/newlib/_startup.o
 *(.data .data.*)
 .data.argv.4310
                0x0000000020000004        0x8 ./system/src/newlib/_syscalls.o
 .data.SystemCoreClock
                0x000000002000000c        0x4 ./system/src/cmsis/system_stm32f4xx.o
                0x000000002000000c                SystemCoreClock
 .data._impure_ptr
                0x0000000020000010        0x4 /engLife/Projects/Mastering embedded systems/Tools/gcc-arm-none-eabi-7-2017-q4-major/bin/../lib/gcc/arm-none-eabi/7.2.1/../../../../arm-none-eabi/lib/thumb/v7e-m/libg_nano.a(lib_a-impure.o)
                0x0000000020000010                _impure_ptr
 .data.impure_data
                0x0000000020000014       0x60 /engLife/Projects/Mastering embedded systems/Tools/gcc-arm-none-eabi-7-2017-q4-major/bin/../lib/gcc/arm-none-eabi/7.2.1/../../../../arm-none-eabi/lib/thumb/v7e-m/libg_nano.a(lib_a-impure.o)
 *(.data_end .data_end.*)
 .data_end      0x0000000020000074        0x4 ./system/src/newlib/_startup.o
                0x0000000020000078                . = ALIGN (0x4)
                0x0000000020000078                _edata = .
                0x0000000020000078                __data_end__ = .

.igot.plt       0x0000000020000078        0x0 load address 0x0000000008002198
 .igot.plt      0x0000000020000078        0x0 ./system/src/stm32f4-hal/stm32f4xx_hal.o

.bss_CCMRAM     0x0000000010000000        0x0
 *(.bss.CCMRAM .bss.CCMRAM.*)

.bss            0x0000000020000078       0xb4
                0x0000000020000078                __bss_start__ = .
                0x0000000020000078                _sbss = .
 *(.bss_begin .bss_begin.*)
 .bss_begin     0x0000000020000078        0x4 ./system/src/newlib/_startup.o
 *(.bss .bss.*)
 .bss.current_heap_end.3961
                0x000000002000007c        0x4 ./system/src/newlib/_sbrk.o
 .bss.name.4309
                0x0000000020000080        0x1 ./system/src/newlib/_syscalls.o
 *fill*         0x0000000020000081        0x3 
 .bss.buf.5205  0x0000000020000084       0x80 ./system/src/diag/Trace.o
 .bss._ZN5Timer13ms_delayCountE
                0x0000000020000104        0x4 ./src/Timer.o
                0x0000000020000104                Timer::ms_delayCount
 .bss.blinkLeds
                0x0000000020000108       0x10 ./src/main.o
                0x0000000020000108                blinkLeds
 .bss.__malloc_free_list
                0x0000000020000118        0x4 /engLife/Projects/Mastering embedded systems/Tools/gcc-arm-none-eabi-7-2017-q4-major/bin/../lib/gcc/arm-none-eabi/7.2.1/../../../../arm-none-eabi/lib/thumb/v7e-m/libg_nano.a(lib_a-nano-mallocr.o)
                0x0000000020000118                __malloc_free_list
 .bss.__malloc_sbrk_start
                0x000000002000011c        0x4 /engLife/Projects/Mastering embedded systems/Tools/gcc-arm-none-eabi-7-2017-q4-major/bin/../lib/gcc/arm-none-eabi/7.2.1/../../../../arm-none-eabi/lib/thumb/v7e-m/libg_nano.a(lib_a-nano-mallocr.o)
                0x000000002000011c                __malloc_sbrk_start
 *(COMMON)
 COMMON         0x0000000020000120        0x4 ./system/src/stm32f4-hal/stm32f4xx_hal.o
                0x0000000020000120                uwTick
 COMMON         0x0000000020000124        0x4 ./system/src/newlib/_syscalls.o
                0x0000000020000124                errno
 *(.bss_end .bss_end.*)
 .bss_end       0x0000000020000128        0x4 ./system/src/newlib/_startup.o
                0x000000002000012c                . = ALIGN (0x4)
                0x000000002000012c                __bss_end__ = .
                0x000000002000012c                _ebss = .

.noinit_CCMRAM
 *(.noinit.CCMRAM .noinit.CCMRAM.*)

.noinit         0x000000002000012c        0x0
                0x000000002000012c                _noinit = .
 *(.noinit .noinit.*)
                0x000000002000012c                . = ALIGN (0x4)
                0x000000002000012c                _end_noinit = .
                [!provide]                        PROVIDE (end, _end_noinit)
                [!provide]                        PROVIDE (_end, _end_noinit)
                [!provide]                        PROVIDE (__end, _end_noinit)
                [!provide]                        PROVIDE (__end__, _end_noinit)

._check_stack   0x000000002000012c      0x100
                0x000000002000022c                . = (. + _Minimum_Stack_Size)
 *fill*         0x000000002000012c      0x100 

.b1text
 *(.b1text)
 *(.b1rodata)
 *(.b1rodata.*)

.eb0text
 *(.eb0text)
 *(.eb0rodata)
 *(.eb0rodata.*)

.eb1text
 *(.eb1text)
 *(.eb1rodata)
 *(.eb1rodata.*)

.eb2text
 *(.eb2text)
 *(.eb2rodata)
 *(.eb2rodata.*)

.eb3text
 *(.eb3text)
 *(.eb3rodata)
 *(.eb3rodata.*)

.stab
 *(.stab)

.stabstr
 *(.stabstr)

.stab.excl
 *(.stab.excl)

.stab.exclstr
 *(.stab.exclstr)

.stab.index
 *(.stab.index)

.stab.indexstr
 *(.stab.indexstr)

.comment        0x0000000000000000       0x7e
 *(.comment)
 .comment       0x0000000000000000       0x7e ./system/src/stm32f4-hal/stm32f4xx_hal.o
                                         0x7f (size before relaxing)
 .comment       0x000000000000007e       0x7f ./system/src/stm32f4-hal/stm32f4xx_hal_cortex.o
 .comment       0x000000000000007e       0x7f ./system/src/stm32f4-hal/stm32f4xx_hal_gpio.o
 .comment       0x000000000000007e       0x7f ./system/src/stm32f4-hal/stm32f4xx_hal_rcc.o
 .comment       0x000000000000007e       0x7f ./system/src/newlib/_exit.o
 .comment       0x000000000000007e       0x7f ./system/src/newlib/_sbrk.o
 .comment       0x000000000000007e       0x7f ./system/src/newlib/_startup.o
 .comment       0x000000000000007e       0x7f ./system/src/newlib/_syscalls.o
 .comment       0x000000000000007e       0x7f ./system/src/newlib/assert.o
 .comment       0x000000000000007e       0x7f ./system/src/diag/Trace.o
 .comment       0x000000000000007e       0x7f ./system/src/diag/trace_impl.o
 .comment       0x000000000000007e       0x7f ./system/src/cortexm/_initialize_hardware.o
 .comment       0x000000000000007e       0x7f ./system/src/cortexm/exception_handlers.o
 .comment       0x000000000000007e       0x7f ./system/src/cmsis/system_stm32f4xx.o
 .comment       0x000000000000007e       0x7f ./system/src/cmsis/vectors_stm32f401xe.o
 .comment       0x000000000000007e       0x7f ./src/BlinkLed.o
 .comment       0x000000000000007e       0x7f ./src/Timer.o
 .comment       0x000000000000007e       0x7f ./src/_initialize_hardware.o
 .comment       0x000000000000007e       0x7f ./src/main.o
 .comment       0x000000000000007e       0x7f ./src/stm32f4xx_hal_msp.o

.ARM.attributes
                0x0000000000000000       0x31
 .ARM.attributes
                0x0000000000000000       0x33 ./system/src/stm32f4-hal/stm32f4xx_hal.o
 .ARM.attributes
                0x0000000000000033       0x33 ./system/src/stm32f4-hal/stm32f4xx_hal_cortex.o
 .ARM.attributes
                0x0000000000000066       0x33 ./system/src/stm32f4-hal/stm32f4xx_hal_gpio.o
 .ARM.attributes
                0x0000000000000099       0x33 ./system/src/stm32f4-hal/stm32f4xx_hal_rcc.o
 .ARM.attributes
                0x00000000000000cc       0x33 ./system/src/newlib/_exit.o
 .ARM.attributes
                0x00000000000000ff       0x33 ./system/src/newlib/_sbrk.o
 .ARM.attributes
                0x0000000000000132       0x33 ./system/src/newlib/_startup.o
 .ARM.attributes
                0x0000000000000165       0x33 ./system/src/newlib/_syscalls.o
 .ARM.attributes
                0x0000000000000198       0x33 ./system/src/newlib/assert.o
 .ARM.attributes
                0x00000000000001cb       0x33 ./system/src/diag/Trace.o
 .ARM.attributes
                0x00000000000001fe       0x33 ./system/src/diag/trace_impl.o
 .ARM.attributes
                0x0000000000000231       0x33 ./system/src/cortexm/_initialize_hardware.o
 .ARM.attributes
                0x0000000000000264       0x33 ./system/src/cortexm/exception_handlers.o
 .ARM.attributes
                0x0000000000000297       0x33 ./system/src/cmsis/system_stm32f4xx.o
 .ARM.attributes
                0x00000000000002ca       0x33 ./system/src/cmsis/vectors_stm32f401xe.o
 .ARM.attributes
                0x00000000000002fd       0x33 ./src/BlinkLed.o
 .ARM.attributes
                0x0000000000000330       0x33 ./src/Timer.o
 .ARM.attributes
                0x0000000000000363       0x33 ./src/_initialize_hardware.o
 .ARM.attributes
                0x0000000000000396       0x33 ./src/main.o
 .ARM.attributes
                0x00000000000003c9       0x33 ./src/stm32f4xx_hal_msp.o
 .ARM.attributes
                0x00000000000003fc       0x2e /engLife/Projects/Mastering embedded systems/Tools/gcc-arm-none-eabi-7-2017-q4-major/bin/../lib/gcc/arm-none-eabi/7.2.1/../../../../arm-none-eabi/lib/thumb/v7e-m/libg_nano.a(lib_a-errno.o)
 .ARM.attributes
                0x000000000000042a       0x2e /engLife/Projects/Mastering embedded systems/Tools/gcc-arm-none-eabi-7-2017-q4-major/bin/../lib/gcc/arm-none-eabi/7.2.1/../../../../arm-none-eabi/lib/thumb/v7e-m/libg_nano.a(lib_a-impure.o)
 .ARM.attributes
                0x0000000000000458       0x17 /engLife/Projects/Mastering embedded systems/Tools/gcc-arm-none-eabi-7-2017-q4-major/bin/../lib/gcc/arm-none-eabi/7.2.1/../../../../arm-none-eabi/lib/thumb/v7e-m/libg_nano.a(lib_a-strlen.o)
 .ARM.attributes
                0x000000000000046f       0x2e /engLife/Projects/Mastering embedded systems/Tools/gcc-arm-none-eabi-7-2017-q4-major/bin/../lib/gcc/arm-none-eabi/7.2.1/../../../../arm-none-eabi/lib/thumb/v7e-m/libg_nano.a(lib_a-vsnprintf.o)
 .ARM.attributes
                0x000000000000049d       0x2e /engLife/Projects/Mastering embedded systems/Tools/gcc-arm-none-eabi-7-2017-q4-major/bin/../lib/gcc/arm-none-eabi/7.2.1/../../../../arm-none-eabi/lib/thumb/v7e-m/libg_nano.a(lib_a-nano-svfprintf.o)
 .ARM.attributes
                0x00000000000004cb       0x2e /engLife/Projects/Mastering embedded systems/Tools/gcc-arm-none-eabi-7-2017-q4-major/bin/../lib/gcc/arm-none-eabi/7.2.1/../../../../arm-none-eabi/lib/thumb/v7e-m/libg_nano.a(lib_a-nano-vfprintf_i.o)
 .ARM.attributes
                0x00000000000004f9       0x1c /engLife/Projects/Mastering embedded systems/Tools/gcc-arm-none-eabi-7-2017-q4-major/bin/../lib/gcc/arm-none-eabi/7.2.1/../../../../arm-none-eabi/lib/thumb/v7e-m/libg_nano.a(lib_a-memchr.o)
 .ARM.attributes
                0x0000000000000515       0x2e /engLife/Projects/Mastering embedded systems/Tools/gcc-arm-none-eabi-7-2017-q4-major/bin/../lib/gcc/arm-none-eabi/7.2.1/../../../../arm-none-eabi/lib/thumb/v7e-m/libg_nano.a(lib_a-memcpy-stub.o)
 .ARM.attributes
                0x0000000000000543       0x2e /engLife/Projects/Mastering embedded systems/Tools/gcc-arm-none-eabi-7-2017-q4-major/bin/../lib/gcc/arm-none-eabi/7.2.1/../../../../arm-none-eabi/lib/thumb/v7e-m/libg_nano.a(lib_a-memmove.o)
 .ARM.attributes
                0x0000000000000571       0x2e /engLife/Projects/Mastering embedded systems/Tools/gcc-arm-none-eabi-7-2017-q4-major/bin/../lib/gcc/arm-none-eabi/7.2.1/../../../../arm-none-eabi/lib/thumb/v7e-m/libg_nano.a(lib_a-nano-freer.o)
 .ARM.attributes
                0x000000000000059f       0x2e /engLife/Projects/Mastering embedded systems/Tools/gcc-arm-none-eabi-7-2017-q4-major/bin/../lib/gcc/arm-none-eabi/7.2.1/../../../../arm-none-eabi/lib/thumb/v7e-m/libg_nano.a(lib_a-nano-mallocr.o)
 .ARM.attributes
                0x00000000000005cd       0x2e /engLife/Projects/Mastering embedded systems/Tools/gcc-arm-none-eabi-7-2017-q4-major/bin/../lib/gcc/arm-none-eabi/7.2.1/../../../../arm-none-eabi/lib/thumb/v7e-m/libg_nano.a(lib_a-nano-reallocr.o)
 .ARM.attributes
                0x00000000000005fb       0x2e /engLife/Projects/Mastering embedded systems/Tools/gcc-arm-none-eabi-7-2017-q4-major/bin/../lib/gcc/arm-none-eabi/7.2.1/../../../../arm-none-eabi/lib/thumb/v7e-m/libg_nano.a(lib_a-sbrkr.o)
 .ARM.attributes
                0x0000000000000629       0x2e /engLife/Projects/Mastering embedded systems/Tools/gcc-arm-none-eabi-7-2017-q4-major/bin/../lib/gcc/arm-none-eabi/7.2.1/../../../../arm-none-eabi/lib/thumb/v7e-m/libg_nano.a(lib_a-mlock.o)
 .ARM.attributes
                0x0000000000000657       0x2e /engLife/Projects/Mastering embedded systems/Tools/gcc-arm-none-eabi-7-2017-q4-major/bin/../lib/gcc/arm-none-eabi/7.2.1/../../../../arm-none-eabi/lib/thumb/v7e-m/libg_nano.a(lib_a-nano-msizer.o)

.debug
 *(.debug)

.line
 *(.line)

.debug_srcinfo
 *(.debug_srcinfo)

.debug_sfnames
 *(.debug_sfnames)

.debug_aranges  0x0000000000000000      0x580
 *(.debug_aranges)
 .debug_aranges
                0x0000000000000000       0xc0 ./system/src/stm32f4-hal/stm32f4xx_hal.o
 .debug_aranges
                0x00000000000000c0       0x98 ./system/src/stm32f4-hal/stm32f4xx_hal_cortex.o
 .debug_aranges
                0x0000000000000158       0x58 ./system/src/stm32f4-hal/stm32f4xx_hal_gpio.o
 .debug_aranges
                0x00000000000001b0       0x88 ./system/src/stm32f4-hal/stm32f4xx_hal_rcc.o
 .debug_aranges
                0x0000000000000238       0x28 ./system/src/newlib/_exit.o
 .debug_aranges
                0x0000000000000260       0x20 ./system/src/newlib/_sbrk.o
 .debug_aranges
                0x0000000000000280       0x40 ./system/src/newlib/_startup.o
 .debug_aranges
                0x00000000000002c0       0x30 ./system/src/newlib/_syscalls.o
 .debug_aranges
                0x00000000000002f0       0x28 ./system/src/newlib/assert.o
 .debug_aranges
                0x0000000000000318       0x38 ./system/src/diag/Trace.o
 .debug_aranges
                0x0000000000000350       0x30 ./system/src/diag/trace_impl.o
 .debug_aranges
                0x0000000000000380       0x28 ./system/src/cortexm/_initialize_hardware.o
 .debug_aranges
                0x00000000000003a8       0x90 ./system/src/cortexm/exception_handlers.o
 .debug_aranges
                0x0000000000000438       0x28 ./system/src/cmsis/system_stm32f4xx.o
 .debug_aranges
                0x0000000000000460       0x20 ./system/src/cmsis/vectors_stm32f401xe.o
 .debug_aranges
                0x0000000000000480       0x48 ./src/BlinkLed.o
 .debug_aranges
                0x00000000000004c8       0x28 ./src/Timer.o
 .debug_aranges
                0x00000000000004f0       0x28 ./src/_initialize_hardware.o
 .debug_aranges
                0x0000000000000518       0x30 ./src/main.o
 .debug_aranges
                0x0000000000000548       0x38 ./src/stm32f4xx_hal_msp.o

.debug_pubnames
 *(.debug_pubnames)

.debug_info     0x0000000000000000    0x10593
 *(.debug_info .gnu.linkonce.wi.*)
 .debug_info    0x0000000000000000     0x107e ./system/src/stm32f4-hal/stm32f4xx_hal.o
 .debug_info    0x000000000000107e     0x1863 ./system/src/stm32f4-hal/stm32f4xx_hal_cortex.o
 .debug_info    0x00000000000028e1     0x10b8 ./system/src/stm32f4-hal/stm32f4xx_hal_gpio.o
 .debug_info    0x0000000000003999     0x177e ./system/src/stm32f4-hal/stm32f4xx_hal_rcc.o
 .debug_info    0x0000000000005117      0x956 ./system/src/newlib/_exit.o
 .debug_info    0x0000000000005a6d      0x942 ./system/src/newlib/_sbrk.o
 .debug_info    0x00000000000063af      0x4bf ./system/src/newlib/_startup.o
 .debug_info    0x000000000000686e      0xa19 ./system/src/newlib/_syscalls.o
 .debug_info    0x0000000000007287      0x9ff ./system/src/newlib/assert.o
 .debug_info    0x0000000000007c86      0xb2a ./system/src/diag/Trace.o
 .debug_info    0x00000000000087b0      0xb6b ./system/src/diag/trace_impl.o
 .debug_info    0x000000000000931b      0xade ./system/src/cortexm/_initialize_hardware.o
 .debug_info    0x0000000000009df9     0x115a ./system/src/cortexm/exception_handlers.o
 .debug_info    0x000000000000af53      0xcfe ./system/src/cmsis/system_stm32f4xx.o
 .debug_info    0x000000000000bc51       0xca ./system/src/cmsis/vectors_stm32f401xe.o
 .debug_info    0x000000000000bd1b      0xe30 ./src/BlinkLed.o
 .debug_info    0x000000000000cb4b      0x9e7 ./src/Timer.o
 .debug_info    0x000000000000d532      0xd34 ./src/_initialize_hardware.o
 .debug_info    0x000000000000e266     0x1a1e ./src/main.o
 .debug_info    0x000000000000fc84      0x90f ./src/stm32f4xx_hal_msp.o

.debug_abbrev   0x0000000000000000     0x336c
 *(.debug_abbrev)
 .debug_abbrev  0x0000000000000000      0x32b ./system/src/stm32f4-hal/stm32f4xx_hal.o
 .debug_abbrev  0x000000000000032b      0x3f1 ./system/src/stm32f4-hal/stm32f4xx_hal_cortex.o
 .debug_abbrev  0x000000000000071c      0x2de ./system/src/stm32f4-hal/stm32f4xx_hal_gpio.o
 .debug_abbrev  0x00000000000009fa      0x394 ./system/src/stm32f4-hal/stm32f4xx_hal_rcc.o
 .debug_abbrev  0x0000000000000d8e      0x1f3 ./system/src/newlib/_exit.o
 .debug_abbrev  0x0000000000000f81      0x1fc ./system/src/newlib/_sbrk.o
 .debug_abbrev  0x000000000000117d      0x1cb ./system/src/newlib/_startup.o
 .debug_abbrev  0x0000000000001348      0x234 ./system/src/newlib/_syscalls.o
 .debug_abbrev  0x000000000000157c      0x1f3 ./system/src/newlib/assert.o
 .debug_abbrev  0x000000000000176f      0x276 ./system/src/diag/Trace.o
 .debug_abbrev  0x00000000000019e5      0x2ef ./system/src/diag/trace_impl.o
 .debug_abbrev  0x0000000000001cd4      0x1de ./system/src/cortexm/_initialize_hardware.o
 .debug_abbrev  0x0000000000001eb2      0x32b ./system/src/cortexm/exception_handlers.o
 .debug_abbrev  0x00000000000021dd      0x216 ./system/src/cmsis/system_stm32f4xx.o
 .debug_abbrev  0x00000000000023f3       0x9d ./system/src/cmsis/vectors_stm32f401xe.o
 .debug_abbrev  0x0000000000002490      0x2ef ./src/BlinkLed.o
 .debug_abbrev  0x000000000000277f      0x2c6 ./src/Timer.o
 .debug_abbrev  0x0000000000002a45      0x22d ./src/_initialize_hardware.o
 .debug_abbrev  0x0000000000002c72      0x549 ./src/main.o
 .debug_abbrev  0x00000000000031bb      0x1b1 ./src/stm32f4xx_hal_msp.o

.debug_line     0x0000000000000000     0xb2f7
 *(.debug_line)
 .debug_line    0x0000000000000000      0xc08 ./system/src/stm32f4-hal/stm32f4xx_hal.o
 .debug_line    0x0000000000000c08      0xcff ./system/src/stm32f4-hal/stm32f4xx_hal_cortex.o
 .debug_line    0x0000000000001907      0xcd2 ./system/src/stm32f4-hal/stm32f4xx_hal_gpio.o
 .debug_line    0x00000000000025d9      0xe8a ./system/src/stm32f4-hal/stm32f4xx_hal_rcc.o
 .debug_line    0x0000000000003463      0x3cb ./system/src/newlib/_exit.o
 .debug_line    0x000000000000382e      0x37f ./system/src/newlib/_sbrk.o
 .debug_line    0x0000000000003bad      0x447 ./system/src/newlib/_startup.o
 .debug_line    0x0000000000003ff4      0x4b4 ./system/src/newlib/_syscalls.o
 .debug_line    0x00000000000044a8      0x406 ./system/src/newlib/assert.o
 .debug_line    0x00000000000048ae      0x447 ./system/src/diag/Trace.o
 .debug_line    0x0000000000004cf5      0xb3b ./system/src/diag/trace_impl.o
 .debug_line    0x0000000000005830      0xaa4 ./system/src/cortexm/_initialize_hardware.o
 .debug_line    0x00000000000062d4      0xbf2 ./system/src/cortexm/exception_handlers.o
 .debug_line    0x0000000000006ec6      0xaaa ./system/src/cmsis/system_stm32f4xx.o
 .debug_line    0x0000000000007970      0x121 ./system/src/cmsis/vectors_stm32f401xe.o
 .debug_line    0x0000000000007a91      0xae4 ./src/BlinkLed.o
 .debug_line    0x0000000000008575      0xac7 ./src/Timer.o
 .debug_line    0x000000000000903c      0xa9d ./src/_initialize_hardware.o
 .debug_line    0x0000000000009ad9      0xd80 ./src/main.o
 .debug_line    0x000000000000a859      0xa9e ./src/stm32f4xx_hal_msp.o

.debug_frame    0x0000000000000000      0xe10
 *(.debug_frame)
 .debug_frame   0x0000000000000000      0x188 ./system/src/stm32f4-hal/stm32f4xx_hal.o
 .debug_frame   0x0000000000000188      0x17c ./system/src/stm32f4-hal/stm32f4xx_hal_cortex.o
 .debug_frame   0x0000000000000304       0xfc ./system/src/stm32f4-hal/stm32f4xx_hal_gpio.o
 .debug_frame   0x0000000000000400      0x140 ./system/src/stm32f4-hal/stm32f4xx_hal_rcc.o
 .debug_frame   0x0000000000000540       0x38 ./system/src/newlib/_exit.o
 .debug_frame   0x0000000000000578       0x28 ./system/src/newlib/_sbrk.o
 .debug_frame   0x00000000000005a0       0x7c ./system/src/newlib/_startup.o
 .debug_frame   0x000000000000061c       0x50 ./system/src/newlib/_syscalls.o
 .debug_frame   0x000000000000066c       0x40 ./system/src/newlib/assert.o
 .debug_frame   0x00000000000006ac       0x94 ./system/src/diag/Trace.o
 .debug_frame   0x0000000000000740       0x64 ./system/src/diag/trace_impl.o
 .debug_frame   0x00000000000007a4       0x40 ./system/src/cortexm/_initialize_hardware.o
 .debug_frame   0x00000000000007e4      0x158 ./system/src/cortexm/exception_handlers.o
 .debug_frame   0x000000000000093c       0x30 ./system/src/cmsis/system_stm32f4xx.o
 .debug_frame   0x000000000000096c       0x20 ./system/src/cmsis/vectors_stm32f401xe.o
 .debug_frame   0x000000000000098c       0x8c ./src/BlinkLed.o
 .debug_frame   0x0000000000000a18       0x38 ./src/Timer.o
 .debug_frame   0x0000000000000a50       0x4c ./src/_initialize_hardware.o
 .debug_frame   0x0000000000000a9c       0x5c ./src/main.o
 .debug_frame   0x0000000000000af8       0x50 ./src/stm32f4xx_hal_msp.o
 .debug_frame   0x0000000000000b48       0x20 /engLife/Projects/Mastering embedded systems/Tools/gcc-arm-none-eabi-7-2017-q4-major/bin/../lib/gcc/arm-none-eabi/7.2.1/../../../../arm-none-eabi/lib/thumb/v7e-m/libg_nano.a(lib_a-errno.o)
 .debug_frame   0x0000000000000b68       0x4c /engLife/Projects/Mastering embedded systems/Tools/gcc-arm-none-eabi-7-2017-q4-major/bin/../lib/gcc/arm-none-eabi/7.2.1/../../../../arm-none-eabi/lib/thumb/v7e-m/libg_nano.a(lib_a-vsnprintf.o)
 .debug_frame   0x0000000000000bb4       0x90 /engLife/Projects/Mastering embedded systems/Tools/gcc-arm-none-eabi-7-2017-q4-major/bin/../lib/gcc/arm-none-eabi/7.2.1/../../../../arm-none-eabi/lib/thumb/v7e-m/libg_nano.a(lib_a-nano-svfprintf.o)
 .debug_frame   0x0000000000000c44       0x60 /engLife/Projects/Mastering embedded systems/Tools/gcc-arm-none-eabi-7-2017-q4-major/bin/../lib/gcc/arm-none-eabi/7.2.1/../../../../arm-none-eabi/lib/thumb/v7e-m/libg_nano.a(lib_a-nano-vfprintf_i.o)
 .debug_frame   0x0000000000000ca4       0x28 /engLife/Projects/Mastering embedded systems/Tools/gcc-arm-none-eabi-7-2017-q4-major/bin/../lib/gcc/arm-none-eabi/7.2.1/../../../../arm-none-eabi/lib/thumb/v7e-m/libg_nano.a(lib_a-memcpy-stub.o)
 .debug_frame   0x0000000000000ccc       0x28 /engLife/Projects/Mastering embedded systems/Tools/gcc-arm-none-eabi-7-2017-q4-major/bin/../lib/gcc/arm-none-eabi/7.2.1/../../../../arm-none-eabi/lib/thumb/v7e-m/libg_nano.a(lib_a-memmove.o)
 .debug_frame   0x0000000000000cf4       0x38 /engLife/Projects/Mastering embedded systems/Tools/gcc-arm-none-eabi-7-2017-q4-major/bin/../lib/gcc/arm-none-eabi/7.2.1/../../../../arm-none-eabi/lib/thumb/v7e-m/libg_nano.a(lib_a-nano-freer.o)
 .debug_frame   0x0000000000000d2c       0x2c /engLife/Projects/Mastering embedded systems/Tools/gcc-arm-none-eabi-7-2017-q4-major/bin/../lib/gcc/arm-none-eabi/7.2.1/../../../../arm-none-eabi/lib/thumb/v7e-m/libg_nano.a(lib_a-nano-mallocr.o)
 .debug_frame   0x0000000000000d58       0x3c /engLife/Projects/Mastering embedded systems/Tools/gcc-arm-none-eabi-7-2017-q4-major/bin/../lib/gcc/arm-none-eabi/7.2.1/../../../../arm-none-eabi/lib/thumb/v7e-m/libg_nano.a(lib_a-nano-reallocr.o)
 .debug_frame   0x0000000000000d94       0x2c /engLife/Projects/Mastering embedded systems/Tools/gcc-arm-none-eabi-7-2017-q4-major/bin/../lib/gcc/arm-none-eabi/7.2.1/../../../../arm-none-eabi/lib/thumb/v7e-m/libg_nano.a(lib_a-sbrkr.o)
 .debug_frame   0x0000000000000dc0       0x30 /engLife/Projects/Mastering embedded systems/Tools/gcc-arm-none-eabi-7-2017-q4-major/bin/../lib/gcc/arm-none-eabi/7.2.1/../../../../arm-none-eabi/lib/thumb/v7e-m/libg_nano.a(lib_a-mlock.o)
 .debug_frame   0x0000000000000df0       0x20 /engLife/Projects/Mastering embedded systems/Tools/gcc-arm-none-eabi-7-2017-q4-major/bin/../lib/gcc/arm-none-eabi/7.2.1/../../../../arm-none-eabi/lib/thumb/v7e-m/libg_nano.a(lib_a-nano-msizer.o)

.debug_str      0x0000000000000000    0x75981
 *(.debug_str)
 .debug_str     0x0000000000000000    0x6fd3f ./system/src/stm32f4-hal/stm32f4xx_hal.o
                                      0x701b6 (size before relaxing)
 .debug_str     0x000000000006fd3f      0x36f ./system/src/stm32f4-hal/stm32f4xx_hal_cortex.o
                                      0x70020 (size before relaxing)
 .debug_str     0x00000000000700ae      0x2bf ./system/src/stm32f4-hal/stm32f4xx_hal_gpio.o
                                      0x6fbaa (size before relaxing)
 .debug_str     0x000000000007036d      0x393 ./system/src/stm32f4-hal/stm32f4xx_hal_rcc.o
                                      0x6fd38 (size before relaxing)
 .debug_str     0x0000000000070700     0x10ff ./system/src/newlib/_exit.o
                                       0x7ef7 (size before relaxing)
 .debug_str     0x00000000000717ff      0x4ed ./system/src/newlib/_sbrk.o
                                       0x72a9 (size before relaxing)
 .debug_str     0x0000000000071cec      0x2c6 ./system/src/newlib/_startup.o
                                       0x6a4a (size before relaxing)
 .debug_str     0x0000000000071fb2      0xe8b ./system/src/newlib/_syscalls.o
                                       0x8184 (size before relaxing)
 .debug_str     0x0000000000072e3d       0xd0 ./system/src/newlib/assert.o
                                       0x89fc (size before relaxing)
 .debug_str     0x0000000000072f0d      0x176 ./system/src/diag/Trace.o
                                       0x866f (size before relaxing)
 .debug_str     0x0000000000073083      0x37b ./system/src/diag/trace_impl.o
                                      0x70ab5 (size before relaxing)
 .debug_str     0x00000000000733fe       0x5e ./system/src/cortexm/_initialize_hardware.o
                                      0x6f847 (size before relaxing)
 .debug_str     0x000000000007345c      0x19d ./system/src/cortexm/exception_handlers.o
                                      0x70c3f (size before relaxing)
 .debug_str     0x00000000000735f9       0x46 ./system/src/cmsis/system_stm32f4xx.o
                                      0x6f928 (size before relaxing)
 .debug_str     0x000000000007363f       0x59 ./system/src/cmsis/vectors_stm32f401xe.o
                                       0x3887 (size before relaxing)
 .debug_str     0x0000000000073698      0x862 ./src/BlinkLed.o
                                      0x6fd7c (size before relaxing)
 .debug_str     0x0000000000073efa       0xac ./src/Timer.o
                                      0x6fb2d (size before relaxing)
 .debug_str     0x0000000000073fa6       0x31 ./src/_initialize_hardware.o
                                      0x6fa3e (size before relaxing)
 .debug_str     0x0000000000073fd7     0x196d ./src/main.o
                                      0x72af6 (size before relaxing)
 .debug_str     0x0000000000075944       0x3d ./src/stm32f4xx_hal_msp.o
                                      0x6f78f (size before relaxing)

.debug_loc      0x0000000000000000     0x1f6a
 *(.debug_loc)
 .debug_loc     0x0000000000000000       0x92 ./system/src/stm32f4-hal/stm32f4xx_hal.o
 .debug_loc     0x0000000000000092      0x73b ./system/src/stm32f4-hal/stm32f4xx_hal_cortex.o
 .debug_loc     0x00000000000007cd      0x5af ./system/src/stm32f4-hal/stm32f4xx_hal_gpio.o
 .debug_loc     0x0000000000000d7c      0x50a ./system/src/stm32f4-hal/stm32f4xx_hal_rcc.o
 .debug_loc     0x0000000000001286       0x85 ./system/src/newlib/_sbrk.o
 .debug_loc     0x000000000000130b      0x2cb ./system/src/newlib/_startup.o
 .debug_loc     0x00000000000015d6       0x63 ./system/src/newlib/_syscalls.o
 .debug_loc     0x0000000000001639      0x134 ./system/src/newlib/assert.o
 .debug_loc     0x000000000000176d       0xf6 ./system/src/diag/Trace.o
 .debug_loc     0x0000000000001863      0x121 ./system/src/diag/trace_impl.o
 .debug_loc     0x0000000000001984      0x291 ./system/src/cortexm/exception_handlers.o
 .debug_loc     0x0000000000001c15      0x13e ./system/src/cmsis/system_stm32f4xx.o
 .debug_loc     0x0000000000001d53       0xa4 ./src/BlinkLed.o
 .debug_loc     0x0000000000001df7      0x173 ./src/main.o

.debug_macinfo
 *(.debug_macinfo)

.debug_weaknames
 *(.debug_weaknames)

.debug_funcnames
 *(.debug_funcnames)

.debug_typenames
 *(.debug_typenames)

.debug_varnames
 *(.debug_varnames)
OUTPUT(driver_development.elf elf32-littlearm)

.debug_ranges   0x0000000000000000      0x530
 .debug_ranges  0x0000000000000000       0xb0 ./system/src/stm32f4-hal/stm32f4xx_hal.o
 .debug_ranges  0x00000000000000b0       0xe8 ./system/src/stm32f4-hal/stm32f4xx_hal_cortex.o
 .debug_ranges  0x0000000000000198       0x48 ./system/src/stm32f4-hal/stm32f4xx_hal_gpio.o
 .debug_ranges  0x00000000000001e0       0x78 ./system/src/stm32f4-hal/stm32f4xx_hal_rcc.o
 .debug_ranges  0x0000000000000258       0x18 ./system/src/newlib/_exit.o
 .debug_ranges  0x0000000000000270       0x10 ./system/src/newlib/_sbrk.o
 .debug_ranges  0x0000000000000280       0x90 ./system/src/newlib/_startup.o
 .debug_ranges  0x0000000000000310       0x20 ./system/src/newlib/_syscalls.o
 .debug_ranges  0x0000000000000330       0x18 ./system/src/newlib/assert.o
 .debug_ranges  0x0000000000000348       0x28 ./system/src/diag/Trace.o
 .debug_ranges  0x0000000000000370       0x50 ./system/src/diag/trace_impl.o
 .debug_ranges  0x00000000000003c0       0x18 ./system/src/cortexm/_initialize_hardware.o
 .debug_ranges  0x00000000000003d8       0x80 ./system/src/cortexm/exception_handlers.o
 .debug_ranges  0x0000000000000458       0x18 ./system/src/cmsis/system_stm32f4xx.o
 .debug_ranges  0x0000000000000470       0x10 ./system/src/cmsis/vectors_stm32f401xe.o
 .debug_ranges  0x0000000000000480       0x38 ./src/BlinkLed.o
 .debug_ranges  0x00000000000004b8       0x18 ./src/Timer.o
 .debug_ranges  0x00000000000004d0       0x18 ./src/_initialize_hardware.o
 .debug_ranges  0x00000000000004e8       0x20 ./src/main.o
 .debug_ranges  0x0000000000000508       0x28 ./src/stm32f4xx_hal_msp.o

.debug_macro    0x0000000000000000    0x174b6
 .debug_macro   0x0000000000000000      0x532 ./system/src/stm32f4-hal/stm32f4xx_hal.o
 .debug_macro   0x0000000000000532      0xa6c ./system/src/stm32f4-hal/stm32f4xx_hal.o
 .debug_macro   0x0000000000000f9e      0x289 ./system/src/stm32f4-hal/stm32f4xx_hal.o
 .debug_macro   0x0000000000001227       0x31 ./system/src/stm32f4-hal/stm32f4xx_hal.o
 .debug_macro   0x0000000000001258       0x28 ./system/src/stm32f4-hal/stm32f4xx_hal.o
 .debug_macro   0x0000000000001280      0x34e ./system/src/stm32f4-hal/stm32f4xx_hal.o
 .debug_macro   0x00000000000015ce       0x35 ./system/src/stm32f4-hal/stm32f4xx_hal.o
 .debug_macro   0x0000000000001603       0x50 ./system/src/stm32f4-hal/stm32f4xx_hal.o
 .debug_macro   0x0000000000001653      0xe66 ./system/src/stm32f4-hal/stm32f4xx_hal.o
 .debug_macro   0x00000000000024b9     0x5099 ./system/src/stm32f4-hal/stm32f4xx_hal.o
 .debug_macro   0x0000000000007552       0x43 ./system/src/stm32f4-hal/stm32f4xx_hal.o
 .debug_macro   0x0000000000007595     0x347f ./system/src/stm32f4-hal/stm32f4xx_hal.o
 .debug_macro   0x000000000000aa14       0x22 ./system/src/stm32f4-hal/stm32f4xx_hal.o
 .debug_macro   0x000000000000aa36       0x52 ./system/src/stm32f4-hal/stm32f4xx_hal.o
 .debug_macro   0x000000000000aa88       0x17 ./system/src/stm32f4-hal/stm32f4xx_hal.o
 .debug_macro   0x000000000000aa9f       0x8d ./system/src/stm32f4-hal/stm32f4xx_hal.o
 .debug_macro   0x000000000000ab2c       0x35 ./system/src/stm32f4-hal/stm32f4xx_hal.o
 .debug_macro   0x000000000000ab61       0x9c ./system/src/stm32f4-hal/stm32f4xx_hal.o
 .debug_macro   0x000000000000abfd       0x16 ./system/src/stm32f4-hal/stm32f4xx_hal.o
 .debug_macro   0x000000000000ac13       0x57 ./system/src/stm32f4-hal/stm32f4xx_hal.o
 .debug_macro   0x000000000000ac6a       0x97 ./system/src/stm32f4-hal/stm32f4xx_hal.o
 .debug_macro   0x000000000000ad01      0x330 ./system/src/stm32f4-hal/stm32f4xx_hal.o
 .debug_macro   0x000000000000b031       0xfd ./system/src/stm32f4-hal/stm32f4xx_hal.o
 .debug_macro   0x000000000000b12e       0x10 ./system/src/stm32f4-hal/stm32f4xx_hal.o
 .debug_macro   0x000000000000b13e       0x58 ./system/src/stm32f4-hal/stm32f4xx_hal.o
 .debug_macro   0x000000000000b196       0x1f ./system/src/stm32f4-hal/stm32f4xx_hal.o
 .debug_macro   0x000000000000b1b5       0x43 ./system/src/stm32f4-hal/stm32f4xx_hal.o
 .debug_macro   0x000000000000b1f8       0x20 ./system/src/stm32f4-hal/stm32f4xx_hal.o
 .debug_macro   0x000000000000b218      0x18e ./system/src/stm32f4-hal/stm32f4xx_hal.o
 .debug_macro   0x000000000000b3a6       0x10 ./system/src/stm32f4-hal/stm32f4xx_hal.o
 .debug_macro   0x000000000000b3b6       0x6a ./system/src/stm32f4-hal/stm32f4xx_hal.o
 .debug_macro   0x000000000000b420       0x1c ./system/src/stm32f4-hal/stm32f4xx_hal.o
 .debug_macro   0x000000000000b43c       0x52 ./system/src/stm32f4-hal/stm32f4xx_hal.o
 .debug_macro   0x000000000000b48e       0x40 ./system/src/stm32f4-hal/stm32f4xx_hal.o
 .debug_macro   0x000000000000b4ce       0x10 ./system/src/stm32f4-hal/stm32f4xx_hal.o
 .debug_macro   0x000000000000b4de       0x40 ./system/src/stm32f4-hal/stm32f4xx_hal.o
 .debug_macro   0x000000000000b51e       0xd7 ./system/src/stm32f4-hal/stm32f4xx_hal.o
 .debug_macro   0x000000000000b5f5       0x1c ./system/src/stm32f4-hal/stm32f4xx_hal.o
 .debug_macro   0x000000000000b611       0x3d ./system/src/stm32f4-hal/stm32f4xx_hal.o
 .debug_macro   0x000000000000b64e       0x16 ./system/src/stm32f4-hal/stm32f4xx_hal.o
 .debug_macro   0x000000000000b664      0x16f ./system/src/stm32f4-hal/stm32f4xx_hal.o
 .debug_macro   0x000000000000b7d3       0x57 ./system/src/stm32f4-hal/stm32f4xx_hal.o
 .debug_macro   0x000000000000b82a      0x424 ./system/src/stm32f4-hal/stm32f4xx_hal.o
 .debug_macro   0x000000000000bc4e      0x9e1 ./system/src/stm32f4-hal/stm32f4xx_hal.o
 .debug_macro   0x000000000000c62f      0x11e ./system/src/stm32f4-hal/stm32f4xx_hal.o
 .debug_macro   0x000000000000c74d       0xf8 ./system/src/stm32f4-hal/stm32f4xx_hal.o
 .debug_macro   0x000000000000c845       0x27 ./system/src/stm32f4-hal/stm32f4xx_hal.o
 .debug_macro   0x000000000000c86c      0x287 ./system/src/stm32f4-hal/stm32f4xx_hal.o
 .debug_macro   0x000000000000caf3       0x5f ./system/src/stm32f4-hal/stm32f4xx_hal.o
 .debug_macro   0x000000000000cb52      0x23a ./system/src/stm32f4-hal/stm32f4xx_hal.o
 .debug_macro   0x000000000000cd8c      0x391 ./system/src/stm32f4-hal/stm32f4xx_hal.o
 .debug_macro   0x000000000000d11d      0x16f ./system/src/stm32f4-hal/stm32f4xx_hal.o
 .debug_macro   0x000000000000d28c       0xf9 ./system/src/stm32f4-hal/stm32f4xx_hal.o
 .debug_macro   0x000000000000d385       0x23 ./system/src/stm32f4-hal/stm32f4xx_hal.o
 .debug_macro   0x000000000000d3a8      0x13a ./system/src/stm32f4-hal/stm32f4xx_hal.o
 .debug_macro   0x000000000000d4e2      0x264 ./system/src/stm32f4-hal/stm32f4xx_hal.o
 .debug_macro   0x000000000000d746       0x2e ./system/src/stm32f4-hal/stm32f4xx_hal.o
 .debug_macro   0x000000000000d774      0x1a7 ./system/src/stm32f4-hal/stm32f4xx_hal.o
 .debug_macro   0x000000000000d91b       0x22 ./system/src/stm32f4-hal/stm32f4xx_hal.o
 .debug_macro   0x000000000000d93d       0xa5 ./system/src/stm32f4-hal/stm32f4xx_hal.o
 .debug_macro   0x000000000000d9e2      0x18b ./system/src/stm32f4-hal/stm32f4xx_hal.o
 .debug_macro   0x000000000000db6d       0x24 ./system/src/stm32f4-hal/stm32f4xx_hal.o
 .debug_macro   0x000000000000db91       0x35 ./system/src/stm32f4-hal/stm32f4xx_hal.o
 .debug_macro   0x000000000000dbc6       0x79 ./system/src/stm32f4-hal/stm32f4xx_hal.o
 .debug_macro   0x000000000000dc3f      0x11e ./system/src/stm32f4-hal/stm32f4xx_hal.o
 .debug_macro   0x000000000000dd5d       0x85 ./system/src/stm32f4-hal/stm32f4xx_hal.o
 .debug_macro   0x000000000000dde2       0x89 ./system/src/stm32f4-hal/stm32f4xx_hal.o
 .debug_macro   0x000000000000de6b      0x31a ./system/src/stm32f4-hal/stm32f4xx_hal.o
 .debug_macro   0x000000000000e185      0x409 ./system/src/stm32f4-hal/stm32f4xx_hal.o
 .debug_macro   0x000000000000e58e       0xe4 ./system/src/stm32f4-hal/stm32f4xx_hal.o
 .debug_macro   0x000000000000e672      0x48d ./system/src/stm32f4-hal/stm32f4xx_hal.o
 .debug_macro   0x000000000000eaff      0x22b ./system/src/stm32f4-hal/stm32f4xx_hal.o
 .debug_macro   0x000000000000ed2a      0x202 ./system/src/stm32f4-hal/stm32f4xx_hal.o
 .debug_macro   0x000000000000ef2c      0x6d9 ./system/src/stm32f4-hal/stm32f4xx_hal.o
 .debug_macro   0x000000000000f605       0x5b ./system/src/stm32f4-hal/stm32f4xx_hal.o
 .debug_macro   0x000000000000f660      0x14d ./system/src/stm32f4-hal/stm32f4xx_hal.o
 .debug_macro   0x000000000000f7ad      0x287 ./system/src/stm32f4-hal/stm32f4xx_hal.o
 .debug_macro   0x000000000000fa34      0x225 ./system/src/stm32f4-hal/stm32f4xx_hal.o
 .debug_macro   0x000000000000fc59      0x1b5 ./system/src/stm32f4-hal/stm32f4xx_hal.o
 .debug_macro   0x000000000000fe0e      0x2db ./system/src/stm32f4-hal/stm32f4xx_hal.o
 .debug_macro   0x00000000000100e9       0x89 ./system/src/stm32f4-hal/stm32f4xx_hal.o
 .debug_macro   0x0000000000010172      0x1df ./system/src/stm32f4-hal/stm32f4xx_hal.o
 .debug_macro   0x0000000000010351      0x115 ./system/src/stm32f4-hal/stm32f4xx_hal.o
 .debug_macro   0x0000000000010466       0x6e ./system/src/stm32f4-hal/stm32f4xx_hal.o
 .debug_macro   0x00000000000104d4      0x11e ./system/src/stm32f4-hal/stm32f4xx_hal.o
 .debug_macro   0x00000000000105f2      0x4e4 ./system/src/stm32f4-hal/stm32f4xx_hal_cortex.o
 .debug_macro   0x0000000000010ad6      0x51c ./system/src/stm32f4-hal/stm32f4xx_hal_gpio.o
 .debug_macro   0x0000000000010ff2      0x50e ./system/src/stm32f4-hal/stm32f4xx_hal_rcc.o
 .debug_macro   0x0000000000011500      0x1b4 ./system/src/newlib/_exit.o
 .debug_macro   0x00000000000116b4      0x10e ./system/src/newlib/_exit.o
 .debug_macro   0x00000000000117c2       0x8d ./system/src/newlib/_exit.o
 .debug_macro   0x000000000001184f       0x35 ./system/src/newlib/_exit.o
 .debug_macro   0x0000000000011884      0x169 ./system/src/newlib/_sbrk.o
 .debug_macro   0x00000000000119ed      0x174 ./system/src/newlib/_sbrk.o
 .debug_macro   0x0000000000011b61       0x10 ./system/src/newlib/_sbrk.o
 .debug_macro   0x0000000000011b71      0x23b ./system/src/newlib/_sbrk.o
 .debug_macro   0x0000000000011dac      0x173 ./system/src/newlib/_startup.o
 .debug_macro   0x0000000000011f1f      0xa72 ./system/src/newlib/_startup.o
 .debug_macro   0x0000000000012991      0x217 ./system/src/newlib/_syscalls.o
 .debug_macro   0x0000000000012ba8       0x1c ./system/src/newlib/_syscalls.o
 .debug_macro   0x0000000000012bc4       0x10 ./system/src/newlib/_syscalls.o
 .debug_macro   0x0000000000012bd4       0x10 ./system/src/newlib/_syscalls.o
 .debug_macro   0x0000000000012be4       0x10 ./system/src/newlib/_syscalls.o
 .debug_macro   0x0000000000012bf4       0x35 ./system/src/newlib/_syscalls.o
 .debug_macro   0x0000000000012c29      0x122 ./system/src/newlib/_syscalls.o
 .debug_macro   0x0000000000012d4b       0x88 ./system/src/newlib/_syscalls.o
 .debug_macro   0x0000000000012dd3       0x2b ./system/src/newlib/_syscalls.o
 .debug_macro   0x0000000000012dfe      0x118 ./system/src/newlib/_syscalls.o
 .debug_macro   0x0000000000012f16      0x189 ./system/src/newlib/_syscalls.o
 .debug_macro   0x000000000001309f       0x16 ./system/src/newlib/_syscalls.o
 .debug_macro   0x00000000000130b5      0x1d0 ./system/src/newlib/assert.o
 .debug_macro   0x0000000000013285       0x1c ./system/src/newlib/assert.o
 .debug_macro   0x00000000000132a1      0x1fb ./system/src/diag/Trace.o
 .debug_macro   0x000000000001349c       0x4c ./system/src/diag/Trace.o
 .debug_macro   0x00000000000134e8       0x16 ./system/src/diag/Trace.o
 .debug_macro   0x00000000000134fe      0x52a ./system/src/diag/trace_impl.o
 .debug_macro   0x0000000000013a28       0x22 ./system/src/diag/trace_impl.o
 .debug_macro   0x0000000000013a4a      0x4ee ./system/src/cortexm/_initialize_hardware.o
 .debug_macro   0x0000000000013f38      0x557 ./system/src/cortexm/exception_handlers.o
 .debug_macro   0x000000000001448f       0x3b ./system/src/cortexm/exception_handlers.o
 .debug_macro   0x00000000000144ca      0x4ea ./system/src/cmsis/system_stm32f4xx.o
 .debug_macro   0x00000000000149b4       0x34 ./system/src/cmsis/vectors_stm32f401xe.o
 .debug_macro   0x00000000000149e8      0x500 ./src/BlinkLed.o
 .debug_macro   0x0000000000014ee8      0xe66 ./src/BlinkLed.o
 .debug_macro   0x0000000000015d4e       0x97 ./src/BlinkLed.o
 .debug_macro   0x0000000000015de5      0x104 ./src/BlinkLed.o
 .debug_macro   0x0000000000015ee9      0x137 ./src/BlinkLed.o
 .debug_macro   0x0000000000016020      0x501 ./src/Timer.o
 .debug_macro   0x0000000000016521       0x10 ./src/Timer.o
 .debug_macro   0x0000000000016531      0x4e4 ./src/_initialize_hardware.o
 .debug_macro   0x0000000000016a15      0x5bd ./src/main.o
 .debug_macro   0x0000000000016fd2      0x4e4 ./src/stm32f4xx_hal_msp.o
